
> shudha_studio_codex@0.1.0 build
> next build

▲ Next.js 16.3.8 (Turbopack)
✓ Running next.config.ts took 55ms

  Creating an optimized production build ...
✓ Compiled successfully in 2.1s
  Running TypeScript ...
  Finished TypeScript in 3.6s ...
  Collecting page data using 3 workers ...
  Generating static pages using 3 workers (0/9) ...
  Generating static pages using 3 workers (2/9) 
  Generating static pages using 3 workers (4/9) 
  Generating static pages using 3 workers (6/9) 
✓ Generating static pages using 3 workers (9/9) in 497ms
  Finalizing page optimization ...

Route (app)
┌ ƒ /
├ ○ /_not-found
├ ƒ /admin
├ ƒ /admin/categories
├ ƒ /admin/categories/[id]/edit
├ ƒ /admin/categories/new
├ ƒ /admin/login
├ ƒ /admin/meetings
├ ƒ /admin/products
├ ƒ /admin/products/[id]/edit
├ ƒ /admin/products/new
├ ƒ /admin/settings
├ ○ /admin/unauthorized
├ ƒ /api/admin/categories
├ ƒ /api/admin/categories/[id]
├ ƒ /api/admin/images/[kind]/[id]
├ ƒ /api/admin/products
├ ƒ /api/admin/products/[id]
├ ƒ /api/admin/settings
├ ƒ /api/meeting-requests
├ ƒ /book-a-meeting
├ ƒ /category/[slug]
├ ƒ /product/[slug]
└ ƒ /products


ƒ Proxy (Middleware)

○  (Static)   prerendered as static content
ƒ  (Dynamic)  server-rendered on demand

