
> shudha_studio_codex@0.1.0 build
> next build

▲ Next.js 16.3.8 (Turbopack)
✓ Running next.config.ts took 43ms

  Creating an optimized production build ...

> Build error occurred
Error: Turbopack build failed with 1 error:
./src/lib/i18n/language.ts:2:1
Error: You're importing a module that depends on "next/headers". This API is only available in Server Components in the App Router, but you are using it in the Pages Router.
    Learn more: https://nextjs.org/docs/app/building-your-application/rendering/server-components
  [90m1 |[0m [36mimport[0m [36mtype[0m { [33mSupportedLanguage[0m } [36mfrom[0m [32m"@/types/domain"[0m;
[31m[1m>[0m [90m2 |[0m [36mimport[0m { cookies } [36mfrom[0m [32m"next/headers"[0m;
  [90m  |[0m [31m[1m^^^^^^^^^^^^^^^^^^^^^^^^^^^^^^^^^^^^^^^[0m
  [90m3 |[0m
  [90m4 |[0m [36mexport[0m [36mconst[0m [33mLANGUAGE_COOKIE[0m = [32m"shudha-language"[0m;
  [90m5 |[0m

Ecmascript file had an error

Import traces:
  Server Component:
    ./src/lib/i18n/language.ts
    ./src/app/admin/products/page.tsx

  Client Component Browser:
    ./src/lib/i18n/language.ts [Client Component Browser]
    ./src/components/language-provider.tsx [Client Component Browser]
    ./src/components/language-provider.tsx [Server Component]
    ./src/app/layout.tsx [Server Component]

  Client Component SSR:
    ./src/lib/i18n/language.ts [Client Component SSR]
    ./src/components/language-provider.tsx [Client Component SSR]
    ./src/components/language-provider.tsx [Server Component]
    ./src/app/layout.tsx [Server Component]


    at <unknown> (./src/lib/i18n/language.ts:2:1)
