
> shudha_studio_codex@0.1.0 build
> next build

▲ Next.js 16.3.8 (Turbopack)
✓ Running next.config.ts took 45ms

  Creating an optimized production build ...
✓ Compiled successfully in 2.4s
  Running TypeScript ...
  Finished TypeScript in 5.8s ...
  Collecting page data using 3 workers ...
  Generating static pages using 3 workers (0/10) ...
  Generating static pages using 3 workers (2/10) 
Error occurred prerendering page "/admin/unauthorized". Read more: https://nextjs.org/docs/messages/prerender-error
Error: Attempted to call useLanguage() from the server but useLanguage is on the client. It's not possible to invoke a client function from the server, it can only be rendered as a Component or passed to props of a Client Component.
    at <unknown> (src\app\admin\unauthorized\page.tsx:5:17)
  3 |
  4 | export default function UnauthorizedPage() {
> 5 |   const { t } = useLanguage();
    |                 ^
  6 |   return (
  7 |     <main className="flex min-h-screen items-center justify-center bg-slate-100 px-6 py-16">
  8 |       <section className="max-w-md rounded-3xl border border-amber-200 bg-white p-8 text-center shadow-sm"> {
  digest: '2854514116'
}
Export encountered an error on /admin/unauthorized/page: /admin/unauthorized, exiting the build.
⨯ Next.js build worker exited with code: 1 and signal: null
